// Jest Snapshot v1, https://goo.gl/fbAQLP

exports[`Row render 1`] = `
<View
  style={
    Object {
      "flex": 1,
      "paddingLeft": 20,
      "paddingRight": 20,
      "width": "100%",
    }
  }
/>
`;
